﻿
> client@0.0.0 build
> vite build

[36mvite v7.3.1 [32mbuilding client environment for production...[36m[39m
transforming...
[32mΓ£ô[39m 1095 modules transformed.
node.exe : [31mΓ£ù[39m Build 
failed in 1.98s
At line:1 char:1
+ & "C:\Program 
Files\nodejs/node.exe" 
"C:\Program 
Files\nodejs/node_mo ...
+ ~~~~~~~~~~~~~~~~~~~~~~~~~~~~~
~~~~~~~~~~~~~~~~~~~~~~~~~~~~~~~
~~~~~~~~~
    + CategoryInfo          :  
   NotSpecified: ([31mΓ£ù    
[39m Build failed in 1.98    
s:String) [], RemoteExcep    
tion
    + FullyQualifiedErrorId :  
   NativeCommandError
 
[31merror during build:
[31m[vite:load-fallback] 
Could not load D:\8455698569856
5\desktop\PushIT\E-Commerce\cli
ent\src/components/shopping-vie
w/product-tile (imported by 
src/pages/shopping/home.jsx): 
ENOENT: no such file or 
directory, open 'D:\84556985698
565\desktop\PushIT\E-Commerce\c
lient\src\components\shopping-v
iew\product-tile'[31m
    at async open (node:interna
l/fs/promises:637:25)
    at async Object.readFile (n
ode:internal/fs/promises:1269:1
4)
    at async Object.handler (fi
le:///D:/84556985698565/desktop
/PushIT/E-Commerce/client/node_
modules/vite/dist/node/chunks/c
onfig.js:33169:21)
    at async PluginDriver.hookF
irstAndGetPlugin (file:///D:/84
556985698565/desktop/PushIT/E-C
ommerce/client/node_modules/rol
lup/dist/es/shared/node-entry.j
s:22427:28)
    at async file:///D:/8455698
5698565/desktop/PushIT/E-Commer
ce/client/node_modules/rollup/d
ist/es/shared/node-entry.js:214
19:33
    at async Queue.work (file:/
//D:/84556985698565/desktop/Pus
hIT/E-Commerce/client/node_modu
les/rollup/dist/es/shared/node-
entry.js:22655:32)[39m
